// Jest Snapshot v1, https://goo.gl/fbAQLP

exports[`should render ExpenseListItem 1`] = `
<div>
  <Link
    to="/edit/1"
  >
    <h4>
      coffee
    </h4>
  </Link>
  <p>
    amount: 
    200
     - createdAt: 
    0
  </p>
</div>
`;
